2026-07-16 0 0
2026-07-17 180 180
2026-07-18 0 180
2026-07-19 420 600
2026-07-20 120 720
2026-07-21 0 720
2026-07-22 0 720
2026-07-23 640 1360
2026-07-24 900 2260
2026-07-25 0 2260
2026-07-26 220 2480
2026-07-27 480 2960
2026-07-28 0 2960
2026-07-29 0 2960
2026-07-30 1600 4560
2026-07-31 0 4560
2026-08-01 810 5370
2026-08-02 350 5720
2026-08-03 0 5720
2026-08-04 0 5720
2026-08-05 560 6280
2026-08-06 240 6520
2026-08-07 0 6520
2026-08-08 1100 7620
2026-08-09 0 7620
2026-08-10 0 7620
2026-08-11 450 8070
2026-08-12 1900 9970
2026-08-13 0 9970
2026-08-14 380 10350
2026-08-15 720 11070
2026-08-16 0 11070
2026-08-17 1550 12620
2026-08-18 480 13100
2026-08-19 0 13100
2026-08-20 320 13420
